../Core/Src/main.c:81:6:microDelay	16	static
../Core/Src/main.c:87:9:DHT11_Start	32	static
../Core/Src/main.c:118:9:DHT11_Read	16	static
../Core/Src/main.c:144:6:BuzzerInit	24	static
../Core/Src/main.c:153:6:BuzzerOn	8	static
../Core/Src/main.c:157:6:BuzzerOff	8	static
../Core/Src/main.c:168:5:main	16	static
../Core/Src/main.c:309:6:SystemClock_Config	72	static
../Core/Src/main.c:349:13:MX_I2C2_Init	8	static
../Core/Src/main.c:383:13:MX_TIM1_Init	32	static
../Core/Src/main.c:429:13:MX_GPIO_Init	40	static
../Core/Src/main.c:462:6:Error_Handler	4	static,ignoring_inline_asm
